[debug] [2026-05-20T09:11:40.554Z] ----------------------------------------------------------------------
[debug] [2026-05-20T09:11:40.557Z] Command:       C:\Program Files\nodejs\node.exe C:\Users\itcmg\AppData\Roaming\npm\node_modules\firebase-tools\lib\bin\firebase.js deploy --only hosting
[debug] [2026-05-20T09:11:40.557Z] CLI Version:   15.8.0
[debug] [2026-05-20T09:11:40.557Z] Platform:      win32
[debug] [2026-05-20T09:11:40.557Z] Node Version:  v24.13.1
[debug] [2026-05-20T09:11:40.557Z] Time:          Wed May 20 2026 16:11:40 GMT+0700 (Indochina Time)
[debug] [2026-05-20T09:11:40.557Z] ----------------------------------------------------------------------
[debug] 
[debug] [2026-05-20T09:11:43.234Z] > command requires scopes: ["email","openid","https://www.googleapis.com/auth/cloudplatformprojects.readonly","https://www.googleapis.com/auth/firebase","https://www.googleapis.com/auth/cloud-platform"]
[debug] [2026-05-20T09:11:43.234Z] > authorizing via signed-in user (itoffice.cmg@gmail.com)
[debug] [2026-05-20T09:11:43.234Z] [iam] checking project constructioncontrol-37f21 for permissions ["firebase.projects.get","firebasehosting.sites.update"]
[debug] [2026-05-20T09:11:43.236Z] Checked if tokens are valid: false, expires at: 1779268027712
[debug] [2026-05-20T09:11:43.236Z] Checked if tokens are valid: false, expires at: 1779268027712
[debug] [2026-05-20T09:11:43.236Z] > refreshing access token with scopes: []
[debug] [2026-05-20T09:11:43.238Z] >>> [apiv2][query] POST https://www.googleapis.com/oauth2/v3/token [none]
[debug] [2026-05-20T09:11:43.238Z] >>> [apiv2][body] POST https://www.googleapis.com/oauth2/v3/token [omitted]
[debug] [2026-05-20T09:11:43.464Z] <<< [apiv2][status] POST https://www.googleapis.com/oauth2/v3/token 200
[debug] [2026-05-20T09:11:43.464Z] <<< [apiv2][body] POST https://www.googleapis.com/oauth2/v3/token [omitted]
[debug] [2026-05-20T09:11:43.471Z] >>> [apiv2][query] POST https://cloudresourcemanager.googleapis.com/v1/projects/constructioncontrol-37f21:testIamPermissions [none]
[debug] [2026-05-20T09:11:43.471Z] >>> [apiv2][(partial)header] POST https://cloudresourcemanager.googleapis.com/v1/projects/constructioncontrol-37f21:testIamPermissions  x-goog-user-project=constructioncontrol-37f21
[debug] [2026-05-20T09:11:43.471Z] >>> [apiv2][body] POST https://cloudresourcemanager.googleapis.com/v1/projects/constructioncontrol-37f21:testIamPermissions {"permissions":["firebase.projects.get","firebasehosting.sites.update"]}
[debug] [2026-05-20T09:11:43.889Z] <<< [apiv2][status] POST https://cloudresourcemanager.googleapis.com/v1/projects/constructioncontrol-37f21:testIamPermissions 403
[debug] [2026-05-20T09:11:43.889Z] <<< [apiv2][body] POST https://cloudresourcemanager.googleapis.com/v1/projects/constructioncontrol-37f21:testIamPermissions {"error":{"code":403,"message":"Caller does not have required permission to use project constructioncontrol-37f21. Grant the caller the roles/serviceusage.serviceUsageConsumer role, or a custom role with the serviceusage.services.use permission, by visiting https://console.developers.google.com/iam-admin/iam?project=constructioncontrol-37f21 and then retry. Propagation of the new permission may take a few minutes.","status":"PERMISSION_DENIED","details":[{"@type":"type.googleapis.com/google.rpc.ErrorInfo","reason":"USER_PROJECT_DENIED","domain":"googleapis.com","metadata":{"consoleUrl":"https://console.developers.google.com/iam-admin/iam?project=constructioncontrol-37f21","service":"cloudresourcemanager.googleapis.com","consumer":"projects/constructioncontrol-37f21","containerInfo":"constructioncontrol-37f21"}},{"@type":"type.googleapis.com/google.rpc.LocalizedMessage","locale":"en-US","message":"Caller does not have required permission to use project constructioncontrol-37f21. Grant the caller the roles/serviceusage.serviceUsageConsumer role, or a custom role with the serviceusage.services.use permission, by visiting https://console.developers.google.com/iam-admin/iam?project=constructioncontrol-37f21 and then retry. Propagation of the new permission may take a few minutes."},{"@type":"type.googleapis.com/google.rpc.Help","links":[{"description":"Google developer console IAM admin","url":"https://console.developers.google.com/iam-admin/iam?project=constructioncontrol-37f21"}]}]}}
[debug] [2026-05-20T09:11:43.890Z] [iam] error while checking permissions, command may fail: Request to https://cloudresourcemanager.googleapis.com/v1/projects/constructioncontrol-37f21:testIamPermissions had HTTP Error: 403, Caller does not have required permission to use project constructioncontrol-37f21. Grant the caller the roles/serviceusage.serviceUsageConsumer role, or a custom role with the serviceusage.services.use permission, by visiting https://console.developers.google.com/iam-admin/iam?project=constructioncontrol-37f21 and then retry. Propagation of the new permission may take a few minutes.
[debug] [2026-05-20T09:11:43.891Z] Checked if tokens are valid: true, expires at: 1779271902465
[debug] [2026-05-20T09:11:43.891Z] Checked if tokens are valid: true, expires at: 1779271902465
[debug] [2026-05-20T09:11:43.892Z] >>> [apiv2][query] GET https://firebase.googleapis.com/v1beta1/projects/constructioncontrol-37f21 [none]
[debug] [2026-05-20T09:11:44.339Z] <<< [apiv2][status] GET https://firebase.googleapis.com/v1beta1/projects/constructioncontrol-37f21 200
[debug] [2026-05-20T09:11:44.339Z] <<< [apiv2][body] GET https://firebase.googleapis.com/v1beta1/projects/constructioncontrol-37f21 {"projectId":"constructioncontrol-37f21","projectNumber":"311636692270","displayName":"CMG Construction Progress ","name":"projects/constructioncontrol-37f21","resources":{"hostingSite":"constructioncontrol-37f21"},"state":"ACTIVE","etag":"1_0e54b83e-54dd-4914-95db-5969cc6c25d4"}
[info] 
[info] === Deploying to 'constructioncontrol-37f21'...
[info] 
[info] i  deploying hosting 
[debug] [2026-05-20T09:11:44.348Z] Checked if tokens are valid: true, expires at: 1779271902465
[debug] [2026-05-20T09:11:44.349Z] Checked if tokens are valid: true, expires at: 1779271902465
[debug] [2026-05-20T09:11:44.349Z] >>> [apiv2][query] POST https://firebasehosting.googleapis.com/v1beta1/projects/-/sites/constructioncontrol-37f21/versions [none]
[debug] [2026-05-20T09:11:44.349Z] >>> [apiv2][body] POST https://firebasehosting.googleapis.com/v1beta1/projects/-/sites/constructioncontrol-37f21/versions {"status":"CREATED","labels":{"deployment-tool":"cli-firebase"}}
[debug] [2026-05-20T09:11:45.724Z] <<< [apiv2][status] POST https://firebasehosting.googleapis.com/v1beta1/projects/-/sites/constructioncontrol-37f21/versions 200
[debug] [2026-05-20T09:11:45.724Z] <<< [apiv2][body] POST https://firebasehosting.googleapis.com/v1beta1/projects/-/sites/constructioncontrol-37f21/versions {"name":"projects/311636692270/sites/constructioncontrol-37f21/versions/0953813a9b055085","status":"CREATED","config":{},"labels":{"deployment-tool":"cli-firebase"}}
[info] i  hosting[constructioncontrol-37f21]: beginning deploy... 
[info] i  hosting[constructioncontrol-37f21]: found 7 files in build 
[debug] [2026-05-20T09:11:45.735Z] [hosting] uploading with 200 concurrency
[debug] [2026-05-20T09:11:46.227Z] Checked if tokens are valid: true, expires at: 1779271902465
[debug] [2026-05-20T09:11:46.227Z] Checked if tokens are valid: true, expires at: 1779271902465
[debug] [2026-05-20T09:11:46.228Z] [hosting] hash cache [YnVpbGQ] stored for 7 files
[debug] [2026-05-20T09:11:46.228Z] [hosting][hash queue][FINAL] {"max":490,"min":5,"avg":83.28571428571429,"active":0,"complete":7,"success":7,"errored":0,"retried":0,"total":7,"elapsed":492}
[debug] [2026-05-20T09:11:46.229Z] >>> [apiv2][query] POST https://firebasehosting.googleapis.com/v1beta1/projects/311636692270/sites/constructioncontrol-37f21/versions/0953813a9b055085:populateFiles [none]
[debug] [2026-05-20T09:11:46.229Z] >>> [apiv2][body] POST https://firebasehosting.googleapis.com/v1beta1/projects/311636692270/sites/constructioncontrol-37f21/versions/0953813a9b055085:populateFiles {"files":{"/index.html":"4556059393e133740fdd351e6508da9de0a14ac4e43de42c1cf8f310d8bc745b","/asset-manifest.json":"4abe0a809b9a9a115f1f1c0a87eb0cb4d150bbfcd7347f49fe95cfed6f988feb","/static/css/main.fc5c2c69.css":"d76dc4aba347ba97a19faa7a1594777ea519f692edeb9450be7b388343b84bfb","/static/js/main.813d788c.js.LICENSE.txt":"d7da59205e69377a1616e3dcdbf9d1cdf7f292d027f0db7cff531acbb406fc84","/static/css/main.fc5c2c69.css.map":"3db5e11a0432612cdd507c3bc79d2642ce2d551b73535ea78252dba18634dec7","/static/js/main.813d788c.js":"1045c040d1bcb940eaf63ddeb75161bf6558862ca0f1b7144fad807c69272d50","/static/js/main.813d788c.js.map":"3c1b47bb0fd393c1a5302dd1e3d369a729d5de4ca285fdf6988dba49361cec04"}}
[debug] [2026-05-20T09:11:46.979Z] <<< [apiv2][status] POST https://firebasehosting.googleapis.com/v1beta1/projects/311636692270/sites/constructioncontrol-37f21/versions/0953813a9b055085:populateFiles 200
[debug] [2026-05-20T09:11:46.979Z] <<< [apiv2][body] POST https://firebasehosting.googleapis.com/v1beta1/projects/311636692270/sites/constructioncontrol-37f21/versions/0953813a9b055085:populateFiles {"uploadRequiredHashes":["1045c040d1bcb940eaf63ddeb75161bf6558862ca0f1b7144fad807c69272d50","3c1b47bb0fd393c1a5302dd1e3d369a729d5de4ca285fdf6988dba49361cec04","4556059393e133740fdd351e6508da9de0a14ac4e43de42c1cf8f310d8bc745b","4abe0a809b9a9a115f1f1c0a87eb0cb4d150bbfcd7347f49fe95cfed6f988feb"],"uploadUrl":"https://upload-firebasehosting.googleapis.com/upload/sites/constructioncontrol-37f21/versions/0953813a9b055085/files"}
[debug] [2026-05-20T09:11:46.980Z] Checked if tokens are valid: true, expires at: 1779271902465
[debug] [2026-05-20T09:11:46.980Z] Checked if tokens are valid: true, expires at: 1779271902465
[debug] [2026-05-20T09:11:46.981Z] Checked if tokens are valid: true, expires at: 1779271902465
[debug] [2026-05-20T09:11:46.981Z] Checked if tokens are valid: true, expires at: 1779271902465
[debug] [2026-05-20T09:11:46.981Z] Checked if tokens are valid: true, expires at: 1779271902465
[debug] [2026-05-20T09:11:46.981Z] Checked if tokens are valid: true, expires at: 1779271902465
[debug] [2026-05-20T09:11:46.982Z] Checked if tokens are valid: true, expires at: 1779271902465
[debug] [2026-05-20T09:11:46.982Z] Checked if tokens are valid: true, expires at: 1779271902465
[debug] [2026-05-20T09:11:46.982Z] >>> [apiv2][query] POST https://upload-firebasehosting.googleapis.com/upload/sites/constructioncontrol-37f21/versions/0953813a9b055085/files/1045c040d1bcb940eaf63ddeb75161bf6558862ca0f1b7144fad807c69272d50 [none]
[debug] [2026-05-20T09:11:46.982Z] >>> [apiv2][body] POST https://upload-firebasehosting.googleapis.com/upload/sites/constructioncontrol-37f21/versions/0953813a9b055085/files/1045c040d1bcb940eaf63ddeb75161bf6558862ca0f1b7144fad807c69272d50 [stream]
[debug] [2026-05-20T09:11:46.983Z] >>> [apiv2][query] POST https://upload-firebasehosting.googleapis.com/upload/sites/constructioncontrol-37f21/versions/0953813a9b055085/files/3c1b47bb0fd393c1a5302dd1e3d369a729d5de4ca285fdf6988dba49361cec04 [none]
[debug] [2026-05-20T09:11:46.983Z] >>> [apiv2][body] POST https://upload-firebasehosting.googleapis.com/upload/sites/constructioncontrol-37f21/versions/0953813a9b055085/files/3c1b47bb0fd393c1a5302dd1e3d369a729d5de4ca285fdf6988dba49361cec04 [stream]
[debug] [2026-05-20T09:11:46.984Z] >>> [apiv2][query] POST https://upload-firebasehosting.googleapis.com/upload/sites/constructioncontrol-37f21/versions/0953813a9b055085/files/4556059393e133740fdd351e6508da9de0a14ac4e43de42c1cf8f310d8bc745b [none]
[debug] [2026-05-20T09:11:46.985Z] >>> [apiv2][body] POST https://upload-firebasehosting.googleapis.com/upload/sites/constructioncontrol-37f21/versions/0953813a9b055085/files/4556059393e133740fdd351e6508da9de0a14ac4e43de42c1cf8f310d8bc745b [stream]
[debug] [2026-05-20T09:11:46.985Z] >>> [apiv2][query] POST https://upload-firebasehosting.googleapis.com/upload/sites/constructioncontrol-37f21/versions/0953813a9b055085/files/4abe0a809b9a9a115f1f1c0a87eb0cb4d150bbfcd7347f49fe95cfed6f988feb [none]
[debug] [2026-05-20T09:11:46.986Z] >>> [apiv2][body] POST https://upload-firebasehosting.googleapis.com/upload/sites/constructioncontrol-37f21/versions/0953813a9b055085/files/4abe0a809b9a9a115f1f1c0a87eb0cb4d150bbfcd7347f49fe95cfed6f988feb [stream]
[debug] [2026-05-20T09:11:46.987Z] [hosting][populate queue][FINAL] {"max":755,"min":755,"avg":755,"active":0,"complete":1,"success":1,"errored":0,"retried":0,"total":1,"elapsed":760}
[debug] [2026-05-20T09:11:46.987Z] [hosting] uploads queued: 4
[info] i  hosting: uploading new files [0/4] (0%) 
[debug] [2026-05-20T09:11:48.347Z] <<< [apiv2][status] POST https://upload-firebasehosting.googleapis.com/upload/sites/constructioncontrol-37f21/versions/0953813a9b055085/files/4abe0a809b9a9a115f1f1c0a87eb0cb4d150bbfcd7347f49fe95cfed6f988feb 200
[debug] [2026-05-20T09:11:48.347Z] <<< [apiv2][body] POST https://upload-firebasehosting.googleapis.com/upload/sites/constructioncontrol-37f21/versions/0953813a9b055085/files/4abe0a809b9a9a115f1f1c0a87eb0cb4d150bbfcd7347f49fe95cfed6f988feb [stream]
[debug] [2026-05-20T09:11:48.387Z] <<< [apiv2][status] POST https://upload-firebasehosting.googleapis.com/upload/sites/constructioncontrol-37f21/versions/0953813a9b055085/files/4556059393e133740fdd351e6508da9de0a14ac4e43de42c1cf8f310d8bc745b 200
[debug] [2026-05-20T09:11:48.388Z] <<< [apiv2][body] POST https://upload-firebasehosting.googleapis.com/upload/sites/constructioncontrol-37f21/versions/0953813a9b055085/files/4556059393e133740fdd351e6508da9de0a14ac4e43de42c1cf8f310d8bc745b [stream]
[debug] [2026-05-20T09:11:48.743Z] <<< [apiv2][status] POST https://upload-firebasehosting.googleapis.com/upload/sites/constructioncontrol-37f21/versions/0953813a9b055085/files/3c1b47bb0fd393c1a5302dd1e3d369a729d5de4ca285fdf6988dba49361cec04 200
[debug] [2026-05-20T09:11:48.744Z] <<< [apiv2][body] POST https://upload-firebasehosting.googleapis.com/upload/sites/constructioncontrol-37f21/versions/0953813a9b055085/files/3c1b47bb0fd393c1a5302dd1e3d369a729d5de4ca285fdf6988dba49361cec04 [stream]
[debug] [2026-05-20T09:11:49.018Z] <<< [apiv2][status] POST https://upload-firebasehosting.googleapis.com/upload/sites/constructioncontrol-37f21/versions/0953813a9b055085/files/1045c040d1bcb940eaf63ddeb75161bf6558862ca0f1b7144fad807c69272d50 200
[debug] [2026-05-20T09:11:49.018Z] <<< [apiv2][body] POST https://upload-firebasehosting.googleapis.com/upload/sites/constructioncontrol-37f21/versions/0953813a9b055085/files/1045c040d1bcb940eaf63ddeb75161bf6558862ca0f1b7144fad807c69272d50 [stream]
[debug] [2026-05-20T09:11:49.019Z] [hosting][upload queue][FINAL] {"max":2039,"min":1366,"avg":1644,"active":0,"complete":4,"success":4,"errored":0,"retried":0,"total":4,"elapsed":2040}
[info] i  hosting: upload complete 
[info] +  hosting[constructioncontrol-37f21]: file upload complete 
[debug] [2026-05-20T09:11:49.019Z] [hosting] deploy completed after 3293ms
[debug] [2026-05-20T09:11:49.020Z] [
  {
    "config": {
      "public": "build",
      "ignore": [
        "firebase.json",
        "**/.*",
        "**/node_modules/**"
      ],
      "rewrites": [
        {
          "source": "**",
          "destination": "/index.html"
        }
      ],
      "site": "constructioncontrol-37f21"
    },
    "version": "projects/311636692270/sites/constructioncontrol-37f21/versions/0953813a9b055085"
  }
]
[info] i  hosting[constructioncontrol-37f21]: finalizing version... 
[debug] [2026-05-20T09:11:49.023Z] Checked if tokens are valid: true, expires at: 1779271902465
[debug] [2026-05-20T09:11:49.024Z] Checked if tokens are valid: true, expires at: 1779271902465
[debug] [2026-05-20T09:11:49.024Z] >>> [apiv2][query] PATCH https://firebasehosting.googleapis.com/v1beta1/projects/-/sites/constructioncontrol-37f21/versions/0953813a9b055085 updateMask=status%2Cconfig
[debug] [2026-05-20T09:11:49.024Z] >>> [apiv2][body] PATCH https://firebasehosting.googleapis.com/v1beta1/projects/-/sites/constructioncontrol-37f21/versions/0953813a9b055085 {"status":"FINALIZED","config":{"rewrites":[{"glob":"**","path":"/index.html"}]}}
[debug] [2026-05-20T09:11:49.754Z] <<< [apiv2][status] PATCH https://firebasehosting.googleapis.com/v1beta1/projects/-/sites/constructioncontrol-37f21/versions/0953813a9b055085 200
[debug] [2026-05-20T09:11:49.754Z] <<< [apiv2][body] PATCH https://firebasehosting.googleapis.com/v1beta1/projects/-/sites/constructioncontrol-37f21/versions/0953813a9b055085 {"name":"projects/311636692270/sites/constructioncontrol-37f21/versions/0953813a9b055085","status":"FINALIZED","config":{"rewrites":[{"glob":"**","path":"/index.html"}]},"labels":{"deployment-tool":"cli-firebase"},"createTime":"2026-05-20T09:11:45.437874Z","createUser":{"email":"itoffice.cmg@gmail.com"},"finalizeTime":"2026-05-20T09:11:49.949893Z","finalizeUser":{"email":"itoffice.cmg@gmail.com"}}
[debug] [2026-05-20T09:11:49.755Z] [hosting] finalized version for constructioncontrol-37f21:[object Object]
[info] +  hosting[constructioncontrol-37f21]: version finalized 
[info] i  hosting[constructioncontrol-37f21]: releasing new version... 
[debug] [2026-05-20T09:11:49.756Z] Checked if tokens are valid: true, expires at: 1779271902465
[debug] [2026-05-20T09:11:49.756Z] Checked if tokens are valid: true, expires at: 1779271902465
[debug] [2026-05-20T09:11:49.757Z] >>> [apiv2][query] POST https://firebasehosting.googleapis.com/v1beta1/projects/-/sites/constructioncontrol-37f21/channels/live/releases versionName=projects%2F311636692270%2Fsites%2Fconstructioncontrol-37f21%2Fversions%2F0953813a9b055085
[debug] [2026-05-20T09:11:49.757Z] >>> [apiv2][body] POST https://firebasehosting.googleapis.com/v1beta1/projects/-/sites/constructioncontrol-37f21/channels/live/releases {}
[debug] [2026-05-20T09:11:50.540Z] <<< [apiv2][status] POST https://firebasehosting.googleapis.com/v1beta1/projects/-/sites/constructioncontrol-37f21/channels/live/releases 200
[debug] [2026-05-20T09:11:50.540Z] <<< [apiv2][body] POST https://firebasehosting.googleapis.com/v1beta1/projects/-/sites/constructioncontrol-37f21/channels/live/releases {"name":"projects/311636692270/sites/constructioncontrol-37f21/channels/live/releases/1779268310065000","version":{"name":"projects/311636692270/sites/constructioncontrol-37f21/versions/0953813a9b055085","status":"FINALIZED","config":{"rewrites":[{"glob":"**","path":"/index.html"}]},"labels":{"deployment-tool":"cli-firebase"},"createTime":"2026-05-20T09:11:45.437874Z","createUser":{"email":"itoffice.cmg@gmail.com","imageUrl":"https://lh3.googleusercontent.com/a/ACg8ocLfaT9hrswTyrv8DCZVA1wGLlDjKx4BFESBHFBnjyonuUZTVG9F"},"finalizeTime":"2026-05-20T09:11:49.949893Z","finalizeUser":{"email":"itoffice.cmg@gmail.com","imageUrl":"https://lh3.googleusercontent.com/a/ACg8ocLfaT9hrswTyrv8DCZVA1wGLlDjKx4BFESBHFBnjyonuUZTVG9F"}},"type":"DEPLOY","releaseTime":"2026-05-20T09:11:50.065Z","releaseUser":{"email":"itoffice.cmg@gmail.com","imageUrl":"https://lh3.googleusercontent.com/a/ACg8ocLfaT9hrswTyrv8DCZVA1wGLlDjKx4BFESBHFBnjyonuUZTVG9F"}}
[debug] [2026-05-20T09:11:50.540Z] [hosting] release: {"name":"projects/311636692270/sites/constructioncontrol-37f21/channels/live/releases/1779268310065000","version":{"name":"projects/311636692270/sites/constructioncontrol-37f21/versions/0953813a9b055085","status":"FINALIZED","config":{"rewrites":[{"glob":"**","path":"/index.html"}]},"labels":{"deployment-tool":"cli-firebase"},"createTime":"2026-05-20T09:11:45.437874Z","createUser":{"email":"itoffice.cmg@gmail.com","imageUrl":"https://lh3.googleusercontent.com/a/ACg8ocLfaT9hrswTyrv8DCZVA1wGLlDjKx4BFESBHFBnjyonuUZTVG9F"},"finalizeTime":"2026-05-20T09:11:49.949893Z","finalizeUser":{"email":"itoffice.cmg@gmail.com","imageUrl":"https://lh3.googleusercontent.com/a/ACg8ocLfaT9hrswTyrv8DCZVA1wGLlDjKx4BFESBHFBnjyonuUZTVG9F"}},"type":"DEPLOY","releaseTime":"2026-05-20T09:11:50.065Z","releaseUser":{"email":"itoffice.cmg@gmail.com","imageUrl":"https://lh3.googleusercontent.com/a/ACg8ocLfaT9hrswTyrv8DCZVA1wGLlDjKx4BFESBHFBnjyonuUZTVG9F"}}
[info] +  hosting[constructioncontrol-37f21]: release complete 
[info] 
[info] +  Deploy complete! 
[info] 
[info] Project Console: https://console.firebase.google.com/project/constructioncontrol-37f21/overview
[info] Hosting URL: https://constructioncontrol-37f21.web.app
